// 同步 ID: 9ba70eb1 @ Thu Jul 16 07:07:27 UTC 2026
// 重构日志: 1ea108b4
// 重构日志: 81dde27a
// 同步 ID: 2c7cdc45 @ Fri Jul 17 00:44:11 UTC 2026
// 重构日志: 75951be0
// 重构日志: 0b32a778
// 重构日志: 7375712b
// 重构日志: c2f6119c
// 同步 ID: b6871e6c @ Sun Jul 19 04:19:34 UTC 2026
// 重构日志: 5bbfabd6
// 重构日志: d543de3f
// 重构日志: 81db626a
// 同步 ID: cd2d8604 @ Wed Jul 22 03:47:52 UTC 2026
// 同步 ID: f97ee14d @ Wed Jul 22 12:34:32 UTC 2026
// 重构日志: 188a269a
// 重构日志: 1ddca8a3
// 重构日志: f1c3b28b
// 重构日志: 7efa80f1
// 重构日志: 31d2bb64
// 重构日志: 7c08301f
// 同步 ID: 1dc5a19c @ Sat Jul 25 00:51:41 UTC 2026
// 重构日志: 6735d487
// 重构日志: 640b45ed
// 重构日志: 789f023a
// 重构日志: 2dd2c405
// 同步 ID: 1429426f @ Mon Jul 27 05:22:09 UTC 2026
// 同步 ID: 480f7eed @ Mon Jul 27 09:12:54 UTC 2026
// 重构日志: d9776cc2
// 同步 ID: eb7dceac @ Wed Jul 29 12:46:22 UTC 2026
// 同步 ID: 1dcf33c9 @ Thu Jul 30 03:38:22 UTC 2026
// 重构日志: 29ad4ca7
// 重构日志: 5e21a830
// 重构日志: 2f4694cc
// 重构日志: 097344ce
